
[2010-04-24 07:51:54,393]  INFO - [main] Attempting to log in...

[2010-04-24 07:51:55,081]  INFO - [main] Successfully logged in as: wchung/eric

[2010-04-24 07:51:55,081] ERROR - [main] BulkOpsClient.doImport(): Execution begin.

[2010-04-24 07:51:55,081]  INFO - [main] Validating Oracle Data Loader On Demand 
Import request...

[2010-04-24 07:51:55,081] ERROR - [main] FieldMappingManager.parseMappings(): 
Execution begin.

[2010-04-24 07:51:55,097] DEBUG - [main] FieldMappingManager.parseMappings(): 
Execution complete.

[2010-04-24 07:51:55,331] ERROR - [Thread-1] ODWSSessionKeeperThread.Run(): 
Submitting BulkOpImportGetRequestDetail WS call

[2010-04-24 07:51:55,331]  INFO - [main] A SOAP request was sent to the server to 
create the import request.

[2010-04-24 07:51:55,862] ERROR - [Thread-1] 
SOAPImpRequestManager.sendImportGetRequestDetail(): SOAP request sent successfully 
and a response was received

[2010-04-24 07:51:55,862] ERROR - [Thread-1] ODWSSessionKeeperThread.Run(): 
BulkOpImportGetRequestDetail WS call finished

[2010-04-24 07:51:55,862] DEBUG - [Thread-1] ODWSSessionKeeperThread.Run(): SOAP 
response status code=OK

[2010-04-24 07:51:55,862] ERROR - [Thread-1] ODWSSessionKeeperThread.Run(): Going 
to sleep for 300 seconds.

[2010-04-24 07:51:55,862] DEBUG - [main] 
SOAPImpRequestManager.handleSoapFaultException(): Handling SoapFaultException.